176 pages, 149 with a transcription, 27 image-only
Warning: You are sending unauthenticated requests to the HF Hub. Please set a HF_TOKEN to enable higher rate limits and faster downloads.
Loading weights:   0%|          | 0/624 [00:00<?, ?it/s]Loading weights:  67%|██████▋   | 420/624 [00:00<00:00, 4175.61it/s]Loading weights: 100%|██████████| 624/624 [00:00<00:00, 3879.65it/s]
  text                      142.41 items/s
  image@280                  15.94 items/s
  interleaved@280            18.54 items/s
  image@560                  10.31 items/s
  image@1120                  4.71 items/s
337 queries
{
 "gpu": "NVIDIA GeForce RTX 4090",
 "throughput": {
  "text": 142.41,
  "image@280": 15.94,
  "interleaved@280": 18.54,
  "image@560": 10.31,
  "image@1120": 4.71
 },
 "peak_vram_gb": 16.29,
 "image_to_own_text": {
  "r1": 0.585,
  "r10": 0.818,
  "median_rank": 1
 }
}
text@768             {'n': 337, 'r1': 0.312, 'r10': 0.623, 'mrr10': 0.405}
image@768            {'n': 337, 'r1': 0.228, 'r10': 0.457, 'mrr10': 0.293}
interleaved@768      {'n': 337, 'r1': 0.35, 'r10': 0.677, 'mrr10': 0.448}
fusion_max@768       {'n': 337, 'r1': 0.318, 'r10': 0.629, 'mrr10': 0.412}
text@256             {'n': 337, 'r1': 0.279, 'r10': 0.531, 'mrr10': 0.358}
interleaved@256      {'n': 337, 'r1': 0.279, 'r10': 0.629, 'mrr10': 0.385}
text@128             {'n': 337, 'r1': 0.226, 'r10': 0.448, 'mrr10': 0.297}
