56 pages, 50 with a transcription, 6 image-only
Warning: You are sending unauthenticated requests to the HF Hub. Please set a HF_TOKEN to enable higher rate limits and faster downloads.
Loading weights:   0%|          | 0/624 [00:00<?, ?it/s]Loading weights:  87%|████████▋ | 543/624 [00:00<00:00, 5429.25it/s]Loading weights: 100%|██████████| 624/624 [00:00<00:00, 5049.87it/s]
  text                       67.82 items/s
  image@280                  15.68 items/s
  interleaved@280            17.37 items/s
  image@560                   9.40 items/s
  image@1120                  4.53 items/s
127 queries
{
 "gpu": "NVIDIA GeForce RTX 4090",
 "throughput": {
  "text": 67.82,
  "image@280": 15.68,
  "interleaved@280": 17.37,
  "image@560": 9.4,
  "image@1120": 4.53
 },
 "peak_vram_gb": 15.24,
 "image_to_own_text": {
  "r1": 0.804,
  "r10": 0.929,
  "median_rank": 1
 }
}
text@768             {'n': 127, 'r1': 0.701, 'r10': 0.929, 'mrr10': 0.767}
image@768            {'n': 127, 'r1': 0.48, 'r10': 0.843, 'mrr10': 0.593}
interleaved@768      {'n': 127, 'r1': 0.677, 'r10': 0.929, 'mrr10': 0.759}
fusion_max@768       {'n': 127, 'r1': 0.709, 'r10': 0.929, 'mrr10': 0.771}
text@256             {'n': 127, 'r1': 0.622, 'r10': 0.874, 'mrr10': 0.709}
interleaved@256      {'n': 127, 'r1': 0.583, 'r10': 0.882, 'mrr10': 0.688}
text@128             {'n': 127, 'r1': 0.488, 'r10': 0.827, 'mrr10': 0.594}
rc=0
