CIA-RDP82-00457R007100170008-1 text     archive.org pages=2 text=y
CIA-RDP85T00287R001301080001-0 text     archive.org pages=3 text=y
CIA-RDP80-00809A000600360468-3 text     archive.org pages=2 text=y
CIA-RDP67B00820R000400030033-3 text     archive.org pages=1 text=y
CIA-RDP87M01152R000300250004-3 text     archive.org pages=1 text=y
CIA-RDP57-00011A001000100131-0 text     archive.org pages=1 text=y
CIA-RDP61S00750A000500070029-7 text     archive.org pages=1 text=y
CIA-RDP80B01676R001800020008-5 text     archive.org pages=3 text=y
CIA-RDP88G00186R000901160007-2 text     archive.org pages=3 text=y
CIA-RDP81-01036R000100050025-9 text     archive.org pages=1 text=y
CIA-RDP80-00810A001900120003-5 text     archive.org pages=3 text=y
CIA-RDP78-03527A000300120066-8 text     archive.org pages=2 text=y
CIA-RDP82-00457R003600510003-7 text     archive.org pages=1 text=y
CIA-RDP61S00527A000200130050-7 text     archive.org pages=3 text=y
CIA-RDP85M00363R000100060001-8 text     archive.org pages=3 text=y
CIA-RDP82-00047R000200290003-4 text     archive.org pages=2 text=y
CIA-RDP78-05252A000100060066-0 text     archive.org pages=1 text=y
CIA-RDP79-01157A000200030006-7 text     archive.org pages=1 text=y
CIA-RDP83-00415R008700020009-4 text     archive.org pages=1 text=y
CIA-RDP57-00384R000400060055-4 text     archive.org pages=1 text=y
CIA-RDP79T00975A025000080001-5 text     archive.org pages=3 text=y
CIA-RDP80-00809A000600360621-2 text     archive.org pages=3 text=y
CIA-RDP87-00352R000100090049-6 text     archive.org pages=1 text=y
CIA-RDP82-00457R015900130007-9 text     archive.org pages=1 text=y
CIA-RDP96-00789R000800120001-0 stargate archive.org pages=2 text=y
CIA-RDP96-00789R002600200002-0 stargate archive.org pages=1 text=y
CIA-RDP96-00789R002301300001-2 stargate archive.org pages=3 text=y
CIA-RDP96-00789R003000400010-4 stargate archive.org pages=3 text=y
CIA-RDP96-00789R002500040012-8 stargate archive.org pages=1 text=y
CIA-RDP96-00788R000700210004-9 stargate archive.org pages=2 text=y
56 pages from 30 docs in 146s; per stratum {'text': 24, 'nga': 0, 'photo': 0, 'sci': 0, 'stargate': 6}; sources {'archive.org': 30, 'wayback': 0, 'none': 322}
50 pages with usable transcription
