{
 "q3vl8b_fp8": {
  "pages": 215,
  "valid": 185,
  "invalid": 30,
  "errors": 0,
  "pages_per_s": 1.785,
  "out_tok_per_page": 1797.9,
  "in_tok_per_page": 3492.1,
  "ungrounded_pages": 49,
  "pages_with_visuals": 184,
  "visual_types": {
   "stamp": 349,
   "handwriting": 201,
   "redaction": 148,
   "letterhead": 116,
   "signature": 37,
   "diagram": 22,
   "photograph": 18,
   "seal": 17,
   "chart": 22,
   "map": 16
  },
  "mean_legibility": 0.936,
  "text_sim_vs_abbyy_mean": 0.597
 },
 "q35_9b": {
  "pages": 215,
  "valid": 206,
  "invalid": 9,
  "errors": 0,
  "pages_per_s": 2.773,
  "out_tok_per_page": 1392.4,
  "in_tok_per_page": 3271.8,
  "ungrounded_pages": 85,
  "pages_with_visuals": 206,
  "visual_types": {
   "stamp": 506,
   "handwriting": 246,
   "redaction": 278,
   "signature": 22,
   "letterhead": 72,
   "seal": 7,
   "photograph": 3,
   "map": 7,
   "diagram": 8,
   "chart": 1
  },
  "mean_legibility": 0.95,
  "text_sim_vs_abbyy_mean": 0.582,
  "n_vs_ref": 182,
  "text_sim_vs_ref_mean": 0.899,
  "entity_f1_vs_ref": 0.433,
  "visual_type_agree_vs_ref": 0.225
 },
 "q36_35b_a3b": {
  "pages": 215,
  "valid": 213,
  "invalid": 2,
  "errors": 0,
  "pages_per_s": 2.711,
  "out_tok_per_page": 1039.8,
  "in_tok_per_page": 3164.2,
  "ungrounded_pages": 20,
  "pages_with_visuals": 213,
  "visual_types": {
   "stamp": 376,
   "redaction": 310,
   "handwriting": 279,
   "letterhead": 34,
   "signature": 13,
   "seal": 5,
   "photograph": 6,
   "map": 4,
   "diagram": 13,
   "chart": 1
  },
  "mean_legibility": 0.975,
  "text_sim_vs_abbyy_mean": 0.599,
  "n_vs_ref": 184,
  "text_sim_vs_ref_mean": 0.88,
  "entity_f1_vs_ref": 0.45,
  "visual_type_agree_vs_ref": 0.207
 },
 "q3vl8b_fp8_1mp": {
  "pages": 215,
  "valid": 183,
  "invalid": 32,
  "errors": 0,
  "pages_per_s": 2.427,
  "out_tok_per_page": 1777.4,
  "in_tok_per_page": 2243.8,
  "ungrounded_pages": 55,
  "pages_with_visuals": 182,
  "visual_types": {
   "stamp": 291,
   "handwriting": 193,
   "redaction": 139,
   "letterhead": 121,
   "signature": 32,
   "diagram": 18,
   "photograph": 14,
   "seal": 9,
   "map": 8,
   "chart": 8
  },
  "mean_legibility": 0.926,
  "text_sim_vs_abbyy_mean": 0.571,
  "n_vs_ref": 167,
  "text_sim_vs_ref_mean": 0.922,
  "entity_f1_vs_ref": 0.657,
  "visual_type_agree_vs_ref": 0.353
 }
}
