215 pages, 182 with a transcription, 33 image-only
Warning: You are sending unauthenticated requests to the HF Hub. Please set a HF_TOKEN to enable higher rate limits and faster downloads.
Loading weights:   0%|          | 0/624 [00:00<?, ?it/s]Loading weights:  91%|█████████ | 566/624 [00:00<00:00, 5625.16it/s]Loading weights: 100%|██████████| 624/624 [00:00<00:00, 5815.05it/s]
  text                      184.55 items/s
  image@280                  14.57 items/s
  interleaved@280            21.66 items/s
  image@560                  13.87 items/s
  image@1120                  8.65 items/s
416 queries
{
 "gpu": "NVIDIA H100 80GB HBM3",
 "throughput": {
  "text": 184.55,
  "image@280": 14.57,
  "interleaved@280": 21.66,
  "image@560": 13.87,
  "image@1120": 8.65
 },
 "peak_vram_gb": 29.6,
 "image_to_own_text": {
  "r1": 0.642,
  "r10": 0.809,
  "median_rank": 1
 }
}
text@768             {'n': 416, 'r1': 0.425, 'r10': 0.733, 'mrr10': 0.52}
image@768            {'n': 416, 'r1': 0.337, 'r10': 0.623, 'mrr10': 0.428}
interleaved@768      {'n': 416, 'r1': 0.471, 'r10': 0.757, 'mrr10': 0.56}
fusion_max@768       {'n': 416, 'r1': 0.425, 'r10': 0.738, 'mrr10': 0.522}
text@256             {'n': 416, 'r1': 0.389, 'r10': 0.678, 'mrr10': 0.485}
interleaved@256      {'n': 416, 'r1': 0.411, 'r10': 0.709, 'mrr10': 0.512}
text@128             {'n': 416, 'r1': 0.332, 'r10': 0.587, 'mrr10': 0.415}
