CIA-RDP80-00810A001300440004-5 text     archive.org pages=1 text=y
CIA-RDP80-00810A004100200006-8 text     archive.org pages=1 text=y
CIA-RDP86M00886R002500100047-6 text     wayback     pages=2 text=n
CIA-RDP80-00810A004400360009-8 text     wayback     pages=1 text=nCIA-RDP82-00457R005600440010-5 text     wayback     pages=1 text=nCIA-RDP66B00597R000400050114-1 text     wayback     pages=1 text=n


CIA-RDP82-00457R006000040006-9 text     wayback     pages=1 text=n
CIA-RDP80R01720R000600030068-5 text     wayback     pages=1 text=n
CIA-RDP82-00457R003400590007-7 text     wayback     pages=1 text=n
CIA-RDP80R01731R002000070011-5 text     archive.org pages=1 text=y
CIA-RDP81S00991R000100220001-8 text     wayback     pages=3 text=n
CIA-RDP84B00148R000200550010-4 text     wayback     pages=2 text=n
CIA-RDP79-01147A000100010020-5 text     archive.org pages=3 text=y
CIA-RDP77M00144R000300010082-1 text     wayback     pages=2 text=nCIA-RDP78-05343A000100120006-8 text     archive.org pages=2 text=y

CIA-RDP74B00415R000300230059-6 text     wayback     pages=5 text=n
CIA-RDP78S01932A000100110010-5 text     archive.org pages=2 text=y
CIA-RDP80R01580R002004180001-8 text     wayback     pages=3 text=n
CIA-RDP89B00224R000200570002-1 text     wayback     pages=5 text=n
CIA-RDP81B00879R000100140034-3 text     wayback     pages=2 text=nCIA-RDP86M00886R002600020001-4 text     wayback     pages=4 text=n

CIA-RDP89B00569R000700160025-4 text     archive.org pages=1 text=y
CIA-RDP89B00551R000300120006-9 text     wayback     pages=1 text=n
CIA-RDP80-00810A004500310001-0 text     wayback     pages=3 text=n
CIA-RDP80-01053A000100020056-7 text     wayback     pages=1 text=n
CIA-RDP74-00297R000201090001-2 text     wayback     pages=1 text=n
CIA-RDP80-00809A000700210096-8 text     wayback     pages=4 text=n
CIA-RDP05T00644R000401270015-5 text     archive.org pages=1 text=y
CIA-RDP79T00975A000500280001-5 text     archive.org pages=5 text=y
CIA-RDP79M00467A000200150048-2 text     archive.org pages=1 text=y
CIA-RDP78B03826A000200070058-3 nga      wayback     pages=1 text=n
CIA-RDP78T04759A009700010065-0 nga      wayback     pages=5 text=n
CIA-RDP99T01396R000100060001-6 nga      wayback     pages=5 text=n
CIA-RDP80T01471R000800080005-2 nga      wayback     pages=1 text=nCIA-RDP78B03817A000300020175-7 nga      wayback     pages=1 text=n

CIA-RDP78B04549A000600050059-7 nga      wayback     pages=1 text=n
CIA-RDP78B03817A000300010023-6 nga      wayback     pages=1 text=n
CIA-RDP78B04549A000800030016-0 nga      wayback     pages=2 text=n
CIA-RDP78B03817A000300020042-4 nga      wayback     pages=3 text=n
CIA-RDP78T05698A000200010007-8 nga      wayback     pages=1 text=n
CIA-RDP78B04770A002600010017-6 nga      wayback     pages=3 text=n
CIA-RDP78B04747A001100030002-5 nga      wayback     pages=3 text=n
CIA-RDP78B04770A001000030059-5 nga      wayback     pages=1 text=n
CIA-RDP78B05700A000300120022-2 nga      wayback     pages=1 text=n
CIA-RDP78B04558A001000010009-1 nga      wayback     pages=4 text=n
CIA-RDP78B04558A001500010026-7 nga      wayback     pages=2 text=n
CIA-RDP90T00784R000100040006-5 nga      wayback     pages=3 text=n
CIA-RDP80T01471R001000020007-3 nga      wayback     pages=1 text=n
CIA-RDP78B04770A001400010020-5 nga      wayback     pages=1 text=n
CIA-RDP78B04558A000900010102-9 nga      wayback     pages=2 text=n
CIA-RDP86-00513R002065900033-6 sci      wayback     pages=5 text=n
CIA-RDP86-00513R001964100015-6 sci      wayback     pages=5 text=n
CIA-RDP86-00513R001031500025-6 sci      wayback     pages=5 text=n
CIA-RDP86-00513R001341200013-6 sci      wayback     pages=5 text=n
CIA-RDP86-00513R001031700023-6 sci      wayback     pages=5 text=n
CIA-RDP86-00513R001860130003-9 sci      wayback     pages=5 text=n
CIA-RDP86-00513R001136700032-6 sci      wayback     pages=5 text=n
CIA-RDP86-00513R001134700006-6 sci      wayback     pages=5 text=nCIA-RDP86-00513R001033630002-3 sci      wayback     pages=5 text=n
CIA-RDP86-00513R001341200046-6 sci      wayback     pages=5 text=n

CIA-RDP86-00513R000617800030-6 sci      wayback     pages=5 text=n
CIA-RDP86-00513R000722830003-6 sci      wayback     pages=5 text=n
CIA-RDP86-00513R001136700010-6 sci      wayback     pages=5 text=n
CIA-RDP86-00513R001032000001-6 sci      wayback     pages=5 text=n
CIA-RDP86-00513R001033800029-6 sci      wayback     pages=5 text=n
CIA-RDP96-00788R000600010007-9 stargate archive.org pages=1 text=y
CIA-RDP96-00789R003401100002-1 stargate archive.org pages=2 text=y
CIA-RDP96-00789R001401620001-7 stargate archive.org pages=1 text=y
CIA-RDP96-00789R000700680002-9 stargate archive.org pages=2 text=y
CIA-RDP96-00789R001700520008-9 stargate archive.org pages=1 text=y
CIA-RDP96-00788R000400230001-3 stargate archive.org pages=1 text=y
CIA-RDP96-00789R001100030009-8 stargate archive.org pages=5 text=y
CIA-RDP96-00788R001700270018-7 stargate archive.org pages=1 text=y
CIA-RDP96-00789R003501070003-3 stargate archive.org pages=5 text=y
CIA-RDP96-00792R000200060001-9 stargate archive.org pages=2 text=y
CIA-RDP96-00789R000500100003-3 stargate archive.org pages=5 text=y
CIA-RDP96-00789R003401220001-9 stargate archive.org pages=5 text=y
CIA-RDP96-00789R000900100003-9 stargate archive.org pages=1 text=y
CIA-RDP96-00789R000900190031-9 stargate archive.org pages=1 text=y
CIA-RDP96-00789R002301150001-9 stargate archive.org pages=3 text=y
215 pages from 80 docs in 170s; per stratum {'text': 30, 'nga': 20, 'photo': 0, 'sci': 15, 'stargate': 15}; sources {'archive.org': 25, 'wayback': 55, 'none': 454}
47 pages with usable ABBYY text (comparison only)
